Last login: Sun Mar 22 11:54:46 on console
yangcissys-MacBook-Pro:~ yangcissy1$ cd /Users/yangcissy1/Documents/work/git 
yangcissys-MacBook-Pro:git yangcissy1$ git clone https://github.com/ethindman/ecommerce_project.git
Cloning into 'ecommerce_project'...
remote: Counting objects: 6, done.
remote: Compressing objects: 100% (4/4), done.
remote: Total 6 (delta 0), reused 0 (delta 0), pack-reused 0
Unpacking objects: 100% (6/6), done.
Checking connectivity... done.
yangcissys-MacBook-Pro:git yangcissy1$ git status
fatal: Not a git repository (or any of the parent directories): .git
yangcissys-MacBook-Pro:git yangcissy1$ cd /Users/yangcissy1/Documents/work/git/ecommerce_project 
yangcissys-MacBook-Pro:ecommerce_project yangcissy1$ git status
On branch master
Your branch is up-to-date with 'origin/master'.

nothing to commit, working directory clean
yangcissys-MacBook-Pro:ecommerce_project yangcissy1$ git status
On branch master
Your branch is up-to-date with 'origin/master'.

nothing to commit, working directory clean
yangcissys-MacBook-Pro:ecommerce_project yangcissy1$ git pull
remote: Counting objects: 3, done.
remote: Compressing objects: 100% (3/3), done.
remote: Total 3 (delta 0), reused 3 (delta 0), pack-reused 0
Unpacking objects: 100% (3/3), done.
From https://github.com/ethindman/ecommerce_project
   9d3d5fc..1060eca  master     -> origin/master
Updating 9d3d5fc..1060eca
Fast-forward
 script.txt | 121 +++++++++++++++++++++++++++++++++++++++++++++++++++++++++++++
 1 file changed, 121 insertions(+)
 create mode 100644 script.txt
yangcissys-MacBook-Pro:ecommerce_project yangcissy1$ git status
On branch master
Your branch is up-to-date with 'origin/master'.

nothing to commit, working directory clean
yangcissys-MacBook-Pro:ecommerce_project yangcissy1$ git status
On branch master
Your branch is up-to-date with 'origin/master'.

Untracked files:
  (use "git add <file>..." to include in what will be committed)

	.DS_Store
	copy.txt

nothing added to commit but untracked files present (use "git add" to track)
yangcissys-MacBook-Pro:ecommerce_project yangcissy1$ git add copy.txt
yangcissys-MacBook-Pro:ecommerce_project yangcissy1$ git status
On branch master
Your branch is up-to-date with 'origin/master'.

Changes to be committed:
  (use "git reset HEAD <file>..." to unstage)

	new file:   copy.txt

Untracked files:
  (use "git add <file>..." to include in what will be committed)

	.DS_Store

yangcissys-MacBook-Pro:ecommerce_project yangcissy1$ git commit -a -m "text cc"
[master 0d76420] text cc
 Committer: 杨cissy <yangcissy1@yangcissys-MacBook-Pro.local>
Your name and email address were configured automatically based
on your username and hostname. Please check that they are accurate.
You can suppress this message by setting them explicitly:

    git config --global user.name "Your Name"
    git config --global user.email you@example.com

After doing this, you may fix the identity used for this commit with:

    git commit --amend --reset-author

 1 file changed, 1 insertion(+)
 create mode 100644 copy.txt
yangcissys-MacBook-Pro:ecommerce_project yangcissy1$ git pull
Already up-to-date.
yangcissys-MacBook-Pro:ecommerce_project yangcissy1$ git push -u origin master
Counting objects: 4, done.
Delta compression using up to 4 threads.
Compressing objects: 100% (2/2), done.
Writing objects: 100% (3/3), 324 bytes | 0 bytes/s, done.
Total 3 (delta 0), reused 0 (delta 0)
To https://github.com/ethindman/ecommerce_project.git
   1060eca..0d76420  master -> master
Branch master set up to track remote branch master from origin.
yangcissys-MacBook-Pro:ecommerce_project yangcissy1$ git status
On branch master
Your branch is up-to-date with 'origin/master'.

Untracked files:
  (use "git add <file>..." to include in what will be committed)

	.DS_Store

nothing added to commit but untracked files present (use "git add" to track)
yangcissys-MacBook-Pro:ecommerce_project yangcissy1$ git pull
Already up-to-date.
yangcissys-MacBook-Pro:ecommerce_project yangcissy1$ git status
On branch master
Your branch is up-to-date with 'origin/master'.

Untracked files:
  (use "git add <file>..." to include in what will be committed)

	.DS_Store
	testtest.txt

nothing added to commit but untracked files present (use "git add" to track)
yangcissys-MacBook-Pro:ecommerce_project yangcissy1$ git add testtest.txt
yangcissys-MacBook-Pro:ecommerce_project yangcissy1$ git add testtest.txt
yangcissys-MacBook-Pro:ecommerce_project yangcissy1$ git status
On branch master
Your branch is up-to-date with 'origin/master'.

Changes to be committed:
  (use "git reset HEAD <file>..." to unstage)

	new file:   testtest.txt

Untracked files:
  (use "git add <file>..." to include in what will be committed)

	.DS_Store

yangcissys-MacBook-Pro:ecommerce_project yangcissy1$ git commit -a -m "test file"
[master 6fb8beb] test file
 Committer: 杨cissy <yangcissy1@yangcissys-MacBook-Pro.local>
Your name and email address were configured automatically based
on your username and hostname. Please check that they are accurate.
You can suppress this message by setting them explicitly:

    git config --global user.name "Your Name"
    git config --global user.email you@example.com

After doing this, you may fix the identity used for this commit with:

    git commit --amend --reset-author

 1 file changed, 1 insertion(+)
 create mode 100644 testtest.txt
yangcissys-MacBook-Pro:ecommerce_project yangcissy1$ git pull
Already up-to-date.
yangcissys-MacBook-Pro:ecommerce_project yangcissy1$ git push -u origin master
Counting objects: 4, done.
Delta compression using up to 4 threads.
Compressing objects: 100% (2/2), done.
Writing objects: 100% (3/3), 292 bytes | 0 bytes/s, done.
Total 3 (delta 1), reused 0 (delta 0)
To https://github.com/ethindman/ecommerce_project.git
   0d76420..6fb8beb  master -> master
Branch master set up to track remote branch master from origin.
yangcissys-MacBook-Pro:ecommerce_project yangcissy1$ 
